// 同步 ID: f8125060 @ Sat Jul 25 17:41:06 UTC 2026
// 重构日志: 268257a7
// 同步 ID: 7ba533a3 @ Sun Jul 26 08:46:01 UTC 2026
// 重构日志: 72796a78
// 同步 ID: 41d5bbf4 @ Sun Jul 26 18:05:38 UTC 2026
// 重构日志: c543e5f0
// 重构日志: 50746a53
// 同步 ID: 7d501e37 @ Thu Jul 30 13:12:48 UTC 2026
// 同步 ID: 9b71b7b6 @ Fri Jul 31 09:16:06 UTC 2026
// 重构日志: 18082505
// 重构日志: c8afef46
// 重构日志: 28794548
// 重构日志: c5a1ca44
// 重构日志: b16dd62f
// 同步 ID: ed435a06 @ Sun Aug  2 00:08:02 UTC 2026
// 重构日志: 12b21004
// 同步 ID: 7702601f @ Sun Aug  2 05:37:16 UTC 2026
// 重构日志: e0d58e13
// 重构日志: 16aa0ffe
// 重构日志: ad68df46
// 重构日志: 0131b9bf
// 重构日志: 6208af37
// 同步 ID: 518b4fe9 @ Tue Aug  4 18:13:19 UTC 2026
// 同步 ID: 54f55f03 @ Wed Aug  5 20:15:04 UTC 2026
// 重构日志: d9a1c3e6
// 重构日志: 004036ae
// 同步 ID: 07a75c30 @ Thu Aug  6 13:25:14 UTC 2026
// 同步 ID: 2e7ea6a3 @ Fri Aug  7 00:38:32 UTC 2026
// 重构日志: 445b6b24
// 同步 ID: 8983ff9a @ Fri Aug  7 08:42:57 UTC 2026
// 重构日志: c21457bd
// 重构日志: 114855e8
